\BOOKMARK [0][-]{title.0}{\376\377\000T\000i\000t\000l\000e}{}% 1
\BOOKMARK [1][-]{section*.1}{\376\377\000R\000e\000s\000u\000m\000e\000n}{title.0}% 2
\BOOKMARK [1][-]{section.1}{\376\377\0001\000\040\000D\000e\000s\000c\000r\000i\000p\000c\000i\000\363\000n\000\040\000g\000e\000n\000e\000r\000a\000l\000\040\000d\000e\000\040\000l\000a\000\040\000I\000n\000s\000t\000i\000t\000u\000c\000i\000\363\000n}{title.0}% 3
\BOOKMARK [1][-]{section.2}{\376\377\0002\000\040\000D\000e\000s\000c\000r\000i\000p\000c\000i\000\363\000n\000\040\000d\000e\000l\000\040\000g\000r\000u\000p\000o\000\040\000d\000e\000\040\000t\000r\000a\000b\000a\000j\000o}{title.0}% 4
\BOOKMARK [1][-]{section.3}{\376\377\0003\000\040\000I\000n\000t\000r\000o\000d\000u\000c\000c\000i\000\363\000n}{title.0}% 5
\BOOKMARK [2][-]{subsection.3.1}{\376\377\0003\000.\0001\000\040\000M\000o\000v\000i\000m\000i\000e\000n\000t\000o\000\040\000r\000e\000c\000t\000i\000l\000\355\000n\000e\000o\000\040\000u\000n\000i\000f\000o\000r\000m\000e\000m\000e\000n\000t\000e\000\040\000v\000a\000r\000i\000a\000d\000o}{section.3}% 6
\BOOKMARK [2][-]{subsection.3.2}{\376\377\0003\000.\0002\000\040\000H\000e\000r\000r\000a\000m\000i\000e\000n\000t\000a\000s\000\040\000M\000a\000t\000e\000m\000\341\000t\000i\000c\000a\000s}{section.3}% 7
\BOOKMARK [3][-]{subsubsection.3.2.1}{\376\377\0003\000.\0002\000.\0001\000\040\000S\000u\000m\000a\000\040\000p\000o\000n\000d\000e\000r\000a\000d\000a}{subsection.3.2}% 8
\BOOKMARK [3][-]{subsubsection.3.2.2}{\376\377\0003\000.\0002\000.\0002\000\040\000M\000\355\000n\000i\000m\000o\000s\000\040\000c\000u\000a\000d\000r\000a\000d\000o\000s\000\040\000y\000\040\000a\000j\000u\000s\000t\000e\000\040\000p\000o\000l\000i\000n\000\363\000m\000i\000c\000o}{subsection.3.2}% 9
\BOOKMARK [3][-]{subsubsection.3.2.3}{\376\377\0003\000.\0002\000.\0003\000\040\000C\000o\000e\000f\000i\000c\000i\000e\000n\000t\000e\000\040\000d\000e\000\040\000d\000e\000t\000e\000r\000m\000i\000n\000a\000c\000i\000\363\000n}{subsection.3.2}% 10
\BOOKMARK [3][-]{subsubsection.3.2.4}{\376\377\0003\000.\0002\000.\0004\000\040\000D\000e\000r\000i\000v\000a\000d\000a\000s\000\040\000p\000a\000r\000c\000i\000a\000l\000e\000s}{subsection.3.2}% 11
\BOOKMARK [3][-]{subsubsection.3.2.5}{\376\377\0003\000.\0002\000.\0005\000\040\000R\000e\000g\000l\000a\000\040\000d\000e\000\040\000l\000a\000\040\000c\000a\000d\000e\000n\000a}{subsection.3.2}% 12
\BOOKMARK [3][-]{subsubsection.3.2.6}{\376\377\0003\000.\0002\000.\0006\000\040\000N\000o\000r\000m\000a\000l\000i\000z\000a\000c\000i\000\363\000n\000\040\000d\000e\000\040\000l\000o\000s\000\040\000d\000a\000t\000o\000s}{subsection.3.2}% 13
\BOOKMARK [2][-]{subsection.3.3}{\376\377\0003\000.\0003\000\040\000R\000e\000d\000\040\000N\000e\000u\000r\000o\000n\000a\000l}{section.3}% 14
\BOOKMARK [3][-]{subsubsection.3.3.1}{\376\377\0003\000.\0003\000.\0001\000\040\000N\000e\000u\000r\000o\000n\000a}{subsection.3.3}% 15
\BOOKMARK [3][-]{subsubsection.3.3.2}{\376\377\0003\000.\0003\000.\0002\000\040\000C\000a\000p\000a\000s}{subsection.3.3}% 16
\BOOKMARK [3][-]{subsubsection.3.3.3}{\376\377\0003\000.\0003\000.\0003\000\040\000F\000u\000n\000c\000i\000\363\000n\000\040\000d\000e\000\040\000a\000c\000t\000i\000v\000a\000c\000i\000\363\000n}{subsection.3.3}% 17
\BOOKMARK [3][-]{subsubsection.3.3.4}{\376\377\0003\000.\0003\000.\0004\000\040\000F\000u\000n\000c\000i\000\363\000n\000\040\000d\000e\000\040\000c\000o\000s\000t\000e}{subsection.3.3}% 18
\BOOKMARK [2][-]{subsection.3.4}{\376\377\0003\000.\0004\000\040\000A\000p\000r\000e\000n\000d\000i\000z\000a\000j\000e\000\040\000a\000u\000t\000o\000m\000\341\000t\000i\000c\000o}{section.3}% 19
\BOOKMARK [3][-]{subsubsection.3.4.1}{\376\377\0003\000.\0004\000.\0001\000\040\000B\000a\000c\000k\000p\000r\000o\000p\000a\000g\000a\000t\000i\000o\000n}{subsection.3.4}% 20
\BOOKMARK [3][-]{subsubsection.3.4.2}{\376\377\0003\000.\0004\000.\0002\000\040\000S\000o\000b\000r\000e\000a\000j\000u\000s\000t\000e\000\040\000y\000\040\000v\000a\000l\000i\000d\000a\000c\000i\000\363\000n}{subsection.3.4}% 21
\BOOKMARK [3][-]{subsubsection.3.4.3}{\376\377\0003\000.\0004\000.\0003\000\040\000I\000d\000e\000n\000t\000i\000f\000i\000c\000a\000b\000i\000l\000i\000d\000a\000d\000\040\000d\000e\000l\000\040\000m\000o\000d\000e\000l\000o}{subsection.3.4}% 22
\BOOKMARK [2][-]{subsection.3.5}{\376\377\0003\000.\0005\000\040\000P\000y\000T\000o\000r\000c\000h}{section.3}% 23
\BOOKMARK [1][-]{section.4}{\376\377\0004\000\040\000O\000b\000j\000e\000t\000i\000v\000o\000s}{title.0}% 24
\BOOKMARK [2][-]{subsection.4.1}{\376\377\0004\000.\0001\000\040\000G\000e\000n\000e\000r\000a\000l}{section.4}% 25
\BOOKMARK [2][-]{subsection.4.2}{\376\377\0004\000.\0002\000\040\000E\000s\000p\000e\000c\000\355\000f\000i\000c\000o\000s}{section.4}% 26
\BOOKMARK [1][-]{section.5}{\376\377\0005\000\040\000J\000u\000s\000t\000i\000f\000i\000c\000a\000c\000i\000\363\000n}{title.0}% 27
\BOOKMARK [1][-]{section.6}{\376\377\0006\000\040\000M\000e\000t\000o\000d\000o\000l\000o\000g\000\355\000a}{title.0}% 28
\BOOKMARK [2][-]{subsection.6.1}{\376\377\0006\000.\0001\000\040\000M\000o\000n\000t\000a\000j\000e\000\040\000e\000x\000p\000e\000r\000i\000m\000e\000n\000t\000a\000l\000\040\000y\000\040\000t\000o\000m\000a\000\040\000d\000e\000\040\000d\000a\000t\000o\000s}{section.6}% 29
\BOOKMARK [2][-]{subsection.6.2}{\376\377\0006\000.\0002\000\040\000P\000r\000e\000p\000r\000o\000c\000e\000s\000a\000m\000i\000e\000n\000t\000o}{section.6}% 30
\BOOKMARK [2][-]{subsection.6.3}{\376\377\0006\000.\0003\000\040\000F\000o\000r\000m\000u\000l\000a\000c\000i\000o\000n\000e\000s\000\040\000e\000v\000a\000l\000u\000a\000d\000a\000s}{section.6}% 31
\BOOKMARK [2][-]{subsection.6.4}{\376\377\0006\000.\0004\000\040\000A\000r\000q\000u\000i\000t\000e\000c\000t\000u\000r\000a\000s\000\040\000e\000v\000a\000l\000u\000a\000d\000a\000s}{section.6}% 32
\BOOKMARK [2][-]{subsection.6.5}{\376\377\0006\000.\0005\000\040\000L\000\355\000n\000e\000a\000s\000\040\000b\000a\000s\000e}{section.6}% 33
\BOOKMARK [2][-]{subsection.6.6}{\376\377\0006\000.\0006\000\040\000P\000r\000o\000t\000o\000c\000o\000l\000o\000\040\000d\000e\000\040\000e\000v\000a\000l\000u\000a\000c\000i\000\363\000n}{section.6}% 34
\BOOKMARK [2][-]{subsection.6.7}{\376\377\0006\000.\0007\000\040\000R\000e\000c\000u\000r\000s\000o\000s\000\040\000c\000o\000m\000p\000u\000t\000a\000c\000i\000o\000n\000a\000l\000e\000s}{section.6}% 35
\BOOKMARK [1][-]{section.7}{\376\377\0007\000\040\000R\000e\000s\000u\000l\000t\000a\000d\000o\000s}{title.0}% 36
\BOOKMARK [2][-]{subsection.7.1}{\376\377\0007\000.\0001\000\040\000C\000a\000r\000a\000c\000t\000e\000r\000i\000z\000a\000c\000i\000\363\000n\000\040\000d\000e\000l\000\040\000c\000o\000n\000j\000u\000n\000t\000o\000\040\000d\000e\000\040\000d\000a\000t\000o\000s}{section.7}% 37
\BOOKMARK [2][-]{subsection.7.2}{\376\377\0007\000.\0002\000\040\000R\000e\000c\000u\000p\000e\000r\000a\000c\000i\000\363\000n\000\040\000d\000e\000l\000\040\000p\000a\000r\000\341\000m\000e\000t\000r\000o\000\040\000f\000\355\000s\000i\000c\000o}{section.7}% 38
\BOOKMARK [2][-]{subsection.7.3}{\376\377\0007\000.\0003\000\040\000E\000r\000r\000o\000r\000\040\000d\000e\000\040\000p\000r\000e\000d\000i\000c\000c\000i\000\363\000n}{section.7}% 39
\BOOKMARK [2][-]{subsection.7.4}{\376\377\0007\000.\0004\000\040\000R\000e\000p\000r\000e\000s\000e\000n\000t\000a\000c\000i\000\363\000n\000\040\000d\000e\000\040\000l\000a\000s\000\040\000e\000n\000t\000r\000a\000d\000a\000s\000\040\000y\000\040\000c\000a\000p\000a\000c\000i\000d\000a\000d\000\040\000d\000e\000\040\000l\000a\000\040\000r\000e\000d}{section.7}% 40
\BOOKMARK [2][-]{subsection.7.5}{\376\377\0007\000.\0005\000\040\000C\000o\000s\000t\000e\000\040\000y\000\040\000b\000e\000n\000e\000f\000i\000c\000i\000o\000\040\000d\000e\000l\000\040\000n\000\372\000m\000e\000r\000o\000\040\000d\000e\000\040\000\351\000p\000o\000c\000a\000s}{section.7}% 41
\BOOKMARK [2][-]{subsection.7.6}{\376\377\0007\000.\0006\000\040\000I\000n\000s\000p\000e\000c\000c\000i\000\363\000n\000\040\000d\000e\000\040\000l\000a\000\040\000r\000e\000d\000\040\000e\000n\000t\000r\000e\000n\000a\000d\000a}{section.7}% 42
\BOOKMARK [3][-]{subsubsection.7.6.1}{\376\377\0007\000.\0006\000.\0001\000\040\000L\000a\000\040\000r\000e\000d\000\040\000s\000i\000m\000p\000l\000e\000,\000\040\000e\000s\000c\000r\000i\000t\000a\000\040\000a\000\040\000m\000a\000n\000o}{subsection.7.6}% 43
\BOOKMARK [3][-]{subsubsection.7.6.2}{\376\377\0007\000.\0006\000.\0002\000\040\000L\000a\000s\000\040\000d\000e\000r\000i\000v\000a\000d\000a\000s\000\040\000d\000e\000\040\000l\000a\000\040\000f\000u\000n\000c\000i\000\363\000n\000\040\000a\000p\000r\000e\000n\000d\000i\000d\000a}{subsection.7.6}% 44
\BOOKMARK [3][-]{subsubsection.7.6.3}{\376\377\0007\000.\0006\000.\0003\000\040\000L\000a\000\040\000e\000c\000u\000a\000c\000i\000\363\000n\000\040\000q\000u\000e\000\040\000l\000a\000\040\000r\000e\000d\000\040\000a\000p\000r\000e\000n\000d\000i\000\363\000,\000\040\000c\000o\000n\000t\000r\000a\000\040\000l\000o\000s\000\040\000d\000a\000t\000o\000s}{subsection.7.6}% 45
\BOOKMARK [3][-]{subsubsection.7.6.4}{\376\377\0007\000.\0006\000.\0004\000\040\000C\000\363\000m\000o\000\040\000e\000s\000t\000\341\000\040\000r\000e\000p\000a\000r\000t\000i\000d\000a\000\040\000l\000a\000\040\000r\000e\000p\000r\000e\000s\000e\000n\000t\000a\000c\000i\000\363\000n}{subsection.7.6}% 46
\BOOKMARK [2][-]{subsection.7.7}{\376\377\0007\000.\0007\000\040\000S\000\355\000n\000t\000e\000s\000i\000s}{section.7}% 47
\BOOKMARK [1][-]{section.8}{\376\377\0008\000\040\000L\000i\000m\000i\000t\000a\000c\000i\000o\000n\000e\000s\000\040\000d\000e\000l\000\040\000e\000s\000t\000u\000d\000i\000o}{title.0}% 48
\BOOKMARK [1][-]{section.9}{\376\377\0009\000\040\000C\000o\000n\000c\000l\000u\000s\000i\000o\000n\000e\000s}{title.0}% 49
\BOOKMARK [1][-]{section.10}{\376\377\0001\0000\000\040\000T\000r\000a\000b\000a\000j\000o\000\040\000f\000u\000t\000u\000r\000o}{title.0}% 50
\BOOKMARK [1][-]{section.11}{\376\377\0001\0001\000\040\000B\000i\000b\000l\000i\000o\000g\000r\000a\000f\000\355\000a}{title.0}% 51
